src/components/Character/Scene.tsx(92,9): error TS2322: Type 'Timeout' is not assignable to type 'number'.
